// Jest Snapshot v1, https://goo.gl/fbAQLP

exports[`Register renders properly 1`] = `
<DocumentFragment>
  <main
    class="auth-container"
  >
    <div
      class="auth-logo"
    />
    <div
      class="auth-form-container auth-tile"
    >
      <div
        class="auth-form-title"
      >
        Register
      </div>
      <p
        class="auth-form-description"
      >
        Please provide information below to register a new user
      </p>
      <form
        class="auth-form"
      >
        <div
          class="auth-form-row"
        >
          <input
            id="firstName"
            maxlength="30"
            name="firstName"
            placeholder="First name"
            required=""
            type="text"
          />
          <input
            id="lastName"
            maxlength="30"
            name="lastName"
            placeholder="Last name"
            required=""
            type="text"
          />
        </div>
        <div
          class="auth-form-row"
        >
          <input
            id="birthDate"
            name="birthDate"
            placeholder="Date of birth"
            required=""
            type="date"
          />
        </div>
        <div
          class="auth-form-row"
        >
          <input
            id="email"
            name="email"
            placeholder="E-mail"
            required=""
            type="email"
          />
        </div>
        <div
          class="auth-form-row"
          style="position: relative;"
        >
          <input
            id="password"
            name="password"
            pattern="(?=.*[a-z])(?=.*[A-Z])(?=.*\\\\d)(?=.*[!@#$%&*?])[A-Za-z\\\\d!@#$%&*?]{8,}"
            placeholder="Password"
            required=""
            title="Passwords must be at least 8 characters long and it should contain at least 1 capital letter, 1 lowercase letter, 1 number and 1 special character (!@#$%&*?)"
            type="password"
          />
          <button
            class="input-toggle-password"
            id="togglePassword"
            type="submit"
          >
            <svg
              fill="none"
              height="24"
              stroke="currentColor"
              stroke-linecap="round"
              stroke-linejoin="round"
              stroke-width="2"
              viewBox="0 0 24 24"
              width="24"
              xmlns="http://www.w3.org/2000/svg"
            >
              <path
                d="M1 12s4-8 11-8 11 8 11 8-4 8-11 8-11-8-11-8z"
              />
              <circle
                cx="12"
                cy="12"
                r="3"
              />
            </svg>
          </button>
        </div>
        <div
          class="auth-form-row"
        >
          <input
            id="passwordAgain"
            name="passwordAgain"
            placeholder="PasswordAgain"
            required=""
            title="Passwords must be at least 8 characters long and it should contain at least 1 capital letter, 1 lowercase letter, 1 number and 1 special character (!@#$%&*?)"
            type="password"
          />
        </div>
        <div
          class="auth-form-tac"
        >
          <label>
            <input
              id="tac"
              name="tac"
              required=""
              type="checkbox"
            />
            I agree to the 
            <a
              href="/terms-and-conditions"
              rel="noreferrer"
              target="_blank"
            >
              Terms & Conditions
            </a>
             and the 
            <a
              href="/privacy-policy"
              rel="noreferrer"
              target="_blank"
            >
              Privacy Policy
            </a>
          </label>
        </div>
        <div
          class="auth-form-submit "
        >
          <input
            type="submit"
            value="Submit"
          />
        </div>
        <ul
          class="auth-form-link"
        >
          <li>
            <span>
              Already have an account? 
            </span>
            <a
              href="/auth/login"
            >
              Sign in
            </a>
          </li>
          <li>
            <a
              href="/auth/reset-password"
            >
              Forgot password?
            </a>
          </li>
        </ul>
      </form>
    </div>
  </main>
</DocumentFragment>
`;
